
=== https://wanfing.x.yupoo.com/categories/3545572 ===
status=200  content-type=text/html; charset=utf-8  url-final=https://wanfing.x.yupoo.com/categories/3545572
body length: 173210
--- snippet ---
<!DOCTYPE html>
<html lang="en-US" itemscope="itemscope" itemtype="http://schema.org/WebPage">
<head><link rel="stylesheet" href="https://s.yupoo.com/website/4.31.23/css/main.css">
  <meta charset="utf-8">
  <meta http-equiv="X-UA-Compatible" content="IE=edge">
  <meta name="msapplication-tap-highlight" content="no">
  <meta name="viewport" content="width=device-width,user-scalable=no,initial-scale=1,minimum-scale=1,maximum-scale=1">
    <title data-back=" | Yupoo">­ƒÅÇ NBA | Category | Wind Sports I Wanfeng | Supplier Product Catalog</title>
  <meta name="description" itemprop="description" content="Wind Sports I Wanfeng - Supplier Product Catalog">
  

  <meta property="og:title" content="­ƒÅÇ NBA | Category | Wind Sports I Wanfeng | Supplier Product Catalog | Yupoo">
  <meta property="og:description" content="Wind Sports I Wanfeng - Supplier Product Catalog">
  <meta property="og:image" content="https://x.yupoo.com/icons/logo1@558.png">
  <meta property="og:type" content="website">

  <meta name="twitter:card" content="summary_large_image">
  <meta name="twitter:title" content="­ƒÅÇ NBA | Category | Wind Sports I Wanfeng | Supplier Product Catalog | Yupoo">
  <meta name="twitter:description" content="Wind Sports I Wanfeng - Supplier Product Catalog">
  <meta name="twitter:image" content="https://x.yupoo.com/icons/logo1@558.png">

    <meta name="robots" content="index, follow">
  <meta name="theme-color" content="#49bc85" data-online="#49bc85" data-offline="#c95050">
  <meta nam
--- middle (around photo.yupoo.com refs) ---
{
  "@context": "https://schema.org",
  "@type": "Organization",
  "name": "Wind Sports I Wanfeng",
  "url": "https://wanfing.x.yupoo.com",
  "logo": {
    "@type": "ImageObject",
    "url": "https://photo.yupoo.com/icons/logo@558.png"
  }
}
</script>

  
<script type="application/ld+json">
{
  "@context": "https://schema.org",
  "@type": "BreadcrumbList",
  "itemListElement": [
    {
      "@type": "ListItem",
      "position": 1,
      "name": {
        "string": "ÕÅêµïìÕø¥þëçþ«íÕ«Â-µÀÿÕ«Øþø©Õåî,Õø¥þëçþ®║Úù┤,Õø¥þëçÕ¡ÿÕé¿,õ©ôõ©ÜþÜäÕø¥þëçõ║æÞ«íþ«ùµ£ìÕèí"
      },
      "item": "https://wanfing.x.yupoo.com"
    }
  ]
}
</script>


  <link rel="manifest" href="/manifest.webmanifest">

  <meta name="google-site-verification" content="-r64vf-Oy9kGPN7Er4PREto_oyuVQPkLU55QBamqid0">
  <meta name="mozilla-verification" content="00625dc29f15478194337b1647a1088d">
  <meta name="referrer" content="no-referrer-when-downgrade">
  <link rel="chrome-webstore-item" href="https://chrome.google.com/webstore/detail/icfjdnpipadcgbglphhojajmihnakpnp">
    <link

=== https://wanfing.x.yupoo.com/categories/815924?isSubCate=true ===
status=200  content-type=text/html; charset=utf-8  url-final=https://wanfing.x.yupoo.com/categories/815924?isSubCate=true
body length: 274161
--- snippet ---
<!DOCTYPE html>
<html lang="en-US" itemscope="itemscope" itemtype="http://schema.org/WebPage">
<head><link rel="stylesheet" href="https://s.yupoo.com/website/4.31.23/css/main.css">
  <meta charset="utf-8">
  <meta http-equiv="X-UA-Compatible" content="IE=edge">
  <meta name="msapplication-tap-highlight" content="no">
  <meta name="viewport" content="width=device-width,user-scalable=no,initial-scale=1,minimum-scale=1,maximum-scale=1">
    <title data-back=" | Yupoo">Real Madrid | Category | Wind Sports I Wanfeng | Supplier Product Catalog</title>
  <meta name="description" itemprop="description" content="Wind Sports I Wanfeng - Supplier Product Catalog">
  

  <meta property="og:title" content="Real Madrid | Category | Wind Sports I Wanfeng | Supplier Product Catalog | Yupoo">
  <meta property="og:description" content="Wind Sports I Wanfeng - Supplier Product Catalog">
  <meta property="og:image" content="https://x.yupoo.com/icons/logo1@558.png">
  <meta property="og:type" content="website">

  <meta name="twitter:card" content="summary_large_image">
  <meta name="twitter:title" content="Real Madrid | Category | Wind Sports I Wanfeng | Supplier Product Catalog | Yupoo">
  <meta name="twitter:description" content="Wind Sports I Wanfeng - Supplier Product Catalog">
  <meta name="twitter:image" content="https://x.yupoo.com/icons/logo1@558.png">

    <meta name="robots" content="index, follow">
  <meta name="theme-color" content="#49bc85" data-online="#49bc85" data-offline="#c9505
--- middle (around photo.yupoo.com refs) ---
{
  "@context": "https://schema.org",
  "@type": "Organization",
  "name": "Wind Sports I Wanfeng",
  "url": "https://wanfing.x.yupoo.com",
  "logo": {
    "@type": "ImageObject",
    "url": "https://photo.yupoo.com/icons/logo@558.png"
  }
}
</script>

  
<script type="application/ld+json">
{
  "@context": "https://schema.org",
  "@type": "BreadcrumbList",
  "itemListElement": [
    {
      "@type": "ListItem",
      "position": 1,
      "name": {
        "string": "ÕÅêµïìÕø¥þëçþ«íÕ«Â-µÀÿÕ«Øþø©Õåî,Õø¥þëçþ®║Úù┤,Õø¥þëçÕ¡ÿÕé¿,õ©ôõ©ÜþÜäÕø¥þëçõ║æÞ«íþ«ùµ£ìÕèí"
      },
      "item": "https://wanfing.x.yupoo.com"
    }
  ]
}
</script>


  <link rel="manifest" href="/manifest.webmanifest">

  <meta name="google-site-verification" content="-r64vf-Oy9kGPN7Er4PREto_oyuVQPkLU55QBamqid0">
  <meta name="mozilla-verification" content="00625dc29f15478194337b1647a1088d">
  <meta name="referrer" content="no-referrer-when-downgrade">
  <link rel="chrome-webstore-item" href="https://chrome.google.com/webstore/detail/icfjdnpipadcgbglphhojajmihnakpnp">
    <link

=== https://wanfing.x.yupoo.com/albums/226353296 ===
status=404  content-type=text/html; charset=utf-8  url-final=https://wanfing.x.yupoo.com/albums/226353296
body length: 10711
--- snippet ---
<!DOCTYPE html>
<html lang="en-US" itemscope="itemscope" itemtype="http://schema.org/WebPage">
<head><link rel="stylesheet" href="https://s.yupoo.com/website/4.31.23/css/main.css">
  <meta charset="utf-8">
  <meta http-equiv="X-UA-Compatible" content="IE=edge">
  <meta name="msapplication-tap-highlight" content="no">
  <meta name="viewport" content="width=device-width,user-scalable=no,initial-scale=1,minimum-scale=1,maximum-scale=1">
    <title data-back=" | Yupoo">Page Not Found</title>
  
  

  <meta property="og:title" content="Page Not Found | Yupoo">
  <meta property="og:description" content="">
  <meta property="og:image" content="https://x.yupoo.com/icons/logo1@558.png">
  <meta property="og:type" content="website">

  <meta name="twitter:card" content="summary_large_image">
  <meta name="twitter:title" content="Page Not Found | Yupoo">
  <meta name="twitter:description" content="">
  <meta name="twitter:image" content="https://x.yupoo.com/icons/logo1@558.png">

    <meta name="robots" content="noindex, follow">
  <meta name="theme-color" content="#49bc85" data-online="#49bc85" data-offline="#c95050">
  <meta name="apple-mobile-web-app-capable" content="yes">
  <meta name="apple-mobile-web-app-status-bar-style" content="black">
  <meta name="apple-mobile-web-app-title" itemprop="name" content="Page Not Found">
  <meta name="msapplication-TileColor" content="#49bc85">

  
<script type="application/ld+json">
{
  "@context": "https://schema.org",
  "@type": "Organization"
--- middle (around photo.yupoo.com refs) ---
ion/ld+json">
{
  "@context": "https://schema.org",
  "@type": "Organization",
  "name": "wanfing",
  "url": "https://wanfing.x.yupoo.com",
  "logo": {
    "@type": "ImageObject",
    "url": "https://photo.yupoo.com/icons/logo@558.png"
  }
}
</script>

  
<script type="application/ld+json">
{
  "@context": "https://schema.org",
  "@type": "BreadcrumbList",
  "itemListElement": [
    {
      "@type": "ListItem",
      "position": 1,
      "name": {
        "string": "ÕÅêµïìÕø¥þëçþ«íÕ«Â-µÀÿÕ«Øþø©Õåî,Õø¥þëçþ®║Úù┤,Õø¥þëçÕ¡ÿÕé¿,õ©ôõ©ÜþÜäÕø¥þëçõ║æÞ«íþ«ùµ£ìÕèí"
      },
      "item": "https://wanfing.x.yupoo.com"
    }
  ]
}
</script>


  <link rel="manifest" href="/manifest.webmanifest">

  <meta name="google-site-verification" content="-r64vf-Oy9kGPN7Er4PREto_oyuVQPkLU55QBamqid0">
  <meta name="mozilla-verification" content="00625dc29f15478194337b1647a1088d">
  <meta name="referrer" content="no-referrer-when-downgrade">
  <link rel="chrome-webstore-item" href="https://chrome.google.com/webstore/detail/icfjdnpipadcgbglphhojajmihnakpnp">
    <link

=== https://wanfing.x.yupoo.com/albums/226353296?uid=1 ===
status=200  content-type=text/html; charset=utf-8  url-final=https://wanfing.x.yupoo.com/albums/226353296?uid=1
body length: 135801
--- snippet ---
<!DOCTYPE html>
<html lang="en-US" itemscope="itemscope" itemtype="http://schema.org/WebPage">
<head><link rel="stylesheet" href="https://s.yupoo.com/website/4.31.23/css/main.css">
  <meta charset="utf-8">
  <meta http-equiv="X-UA-Compatible" content="IE=edge">
  <meta name="msapplication-tap-highlight" content="no">
  <meta name="viewport" content="width=device-width,user-scalable=no,initial-scale=1,minimum-scale=1,maximum-scale=1">
    <title data-back=" | Yupoo">NBA Jersey Sizes | album | Wind Sports I Wanfeng | Supplier Product Catalog</title>
  <meta name="description" itemprop="description" content="Wind Sports I Wanfeng - Supplier Product Catalog">
  

  <meta property="og:title" content="NBA Jersey Sizes | album | Wind Sports I Wanfeng | Supplier Product Catalog">
  <meta property="og:description" content="Wind Sports I Wanfeng - Supplier Product Catalog">
  <meta property="og:image" content="https://photo.yupoo.com/wanfing/f71ffa13/medium.jpg">
  <meta property="og:type" content="article">

  <meta name="twitter:card" content="summary_large_image">
  <meta name="twitter:title" content="NBA Jersey Sizes | album | Wind Sports I Wanfeng | Supplier Product Catalog">
  <meta name="twitter:description" content="Wind Sports I Wanfeng - Supplier Product Catalog">
  <meta name="twitter:image" content="https://photo.yupoo.com/wanfing/f71ffa13/medium.jpg">

    <meta name="robots" content="index, follow">
  <meta name="theme-color" content="#49bc85" data-online="#49bc85" data-o
--- middle (around photo.yupoo.com refs) ---
| album | Wind Sports I Wanfeng | Supplier Product Catalog">
  <meta property="og:description" content="Wind Sports I Wanfeng - Supplier Product Catalog">
  <meta property="og:image" content="https://photo.yupoo.com/wanfing/f71ffa13/medium.jpg">
  <meta property="og:type" content="article">

  <meta name="twitter:card" content="summary_large_image">
  <meta name="twitter:title" content="NBA Jersey Sizes | album | Wind Sports I Wanfeng | Supplier Product Catalog">
  <meta name="twitter:description" content="Wind Sports I Wanfeng - Supplier Product Catalog">
  <meta name="twitter:image" content="https://photo.yupoo.com/wanfing/f71ffa13/medium.jpg">

    <meta name="robots" content="index, follow">
  <meta name="theme-color" content="#49bc85" data-online="#49bc85" data-offline="#c95050">
  <meta name="apple-mobile-web-app-capable" content="yes">
  <meta name="apple-mobile-web-app-status-bar-style" content="black">
  <meta name="apple-mobile-web-app-title" itemprop="name" content="NBA Jers
